// Jest Snapshot v1, https://goo.gl/fbAQLP

exports[`it should render Nav bar 1`] = `
<nav
  className="nav"
>
  <span
    aria-controls="navbarNav"
    className="navbar-toggler button-toggler"
    data-bs-target="#navbarNav"
    data-bs-toggle="collapse"
    type="button"
  >
    <svg
      fill="none"
      height="1em"
      stroke="currentColor"
      strokeLinecap="round"
      strokeLinejoin="round"
      strokeWidth="2"
      style={
        Object {
          "color": undefined,
        }
      }
      viewBox="0 0 24 24"
      width="1em"
      xmlns="http://www.w3.org/2000/svg"
    >
      <line
        x1="3"
        x2="21"
        y1="12"
        y2="12"
      />
      <line
        x1="3"
        x2="21"
        y1="6"
        y2="6"
      />
      <line
        x1="3"
        x2="21"
        y1="18"
        y2="18"
      />
    </svg>
  </span>
  <div
    className="collapse navbar-collapse nav-content"
    id="navbarNav"
  >
    <ul
      className="navbar-nav links"
    >
      <a
        className="nav-item item"
        href="#/"
        onClick={[Function]}
      >
        Weather
      </a>
    </ul>
  </div>
</nav>
`;
